// Vitest Snapshot v1, https://vitest.dev/guide/snapshot.html

exports[`boot parity oracle > route table > exposes exactly the documented REST operations 1`] = `
[
  "DELETE /api/api-keys/{id}",
  "DELETE /api/groups/{id}",
  "DELETE /api/me/accounts",
  "DELETE /api/me/sessions/{sessionId}",
  "DELETE /api/organization-invitations/{id}",
  "DELETE /api/organization-members/{userId}",
  "DELETE /api/organizations/{id}",
  "DELETE /api/permissions/{id}",
  "DELETE /api/project-apps/{id}",
  "DELETE /api/projects/{id}",
  "DELETE /api/projects/{id}/sync/jobs/{jobId}",
  "DELETE /api/resources/{id}",
  "DELETE /api/roles/{id}",
  "DELETE /api/tags/{id}",
  "DELETE /api/users/{id}",
  "DELETE /api/webhook-subscriptions/{id}",
  "GET /.well-known/jwks.json",
  "GET /acc/{accId}/prj/{projectId}/.well-known/jwks.json",
  "GET /api/api-keys",
  "GET /api/auth/github",
  "GET /api/auth/github/callback",
  "GET /api/auth/project/app-info",
  "GET /api/auth/project/authorize",
  "GET /api/auth/project/callback",
  "GET /api/auth/project/consent-info",
  "GET /api/config",
  "GET /api/groups",
  "GET /api/me",
  "GET /api/me/authentication-methods",
  "GET /api/me/export",
  "GET /api/me/mfa/recovery-codes/status",
  "GET /api/me/notification-preferences",
  "GET /api/me/notifications",
  "GET /api/me/notifications/unread-count",
  "GET /api/me/project-memberships",
  "GET /api/me/project-memberships/{projectId}",
  "GET /api/me/sessions",
  "GET /api/organization-invitations",
  "GET /api/organization-invitations/{token}",
  "GET /api/organization-members",
  "GET /api/organizations",
  "GET /api/organizations/{id}",
  "GET /api/permissions",
  "GET /api/project-apps",
  "GET /api/projects",
  "GET /api/projects/{id}/sync/jobs",
  "GET /api/projects/{id}/sync/jobs/{jobId}",
  "GET /api/projects/{id}/sync/jobs/{jobId}/payload",
  "GET /api/projects/{id}/sync/jobs/{jobId}/snapshot",
  "GET /api/resources",
  "GET /api/roles",
  "GET /api/signing-keys",
  "GET /api/tags",
  "GET /api/users",
  "GET /api/webhook-subscriptions",
  "GET /api/webhook-subscriptions/deliveries",
  "GET /api/webhook-subscriptions/{id}",
  "GET /org/{orgId}/prj/{projectId}/.well-known/jwks.json",
  "PATCH /api/groups/{id}",
  "PATCH /api/me/project-memberships/{projectId}",
  "PATCH /api/organization-members/{userId}",
  "PATCH /api/organizations/{id}",
  "PATCH /api/permissions/{id}",
  "PATCH /api/project-apps/{id}",
  "PATCH /api/projects/{id}",
  "PATCH /api/resources/{id}",
  "PATCH /api/roles/{id}",
  "PATCH /api/tags/{id}",
  "PATCH /api/users/{id}",
  "PATCH /api/webhook-subscriptions/{id}",
  "POST /api/api-keys",
  "POST /api/api-keys/{id}/revoke",
  "POST /api/api-keys/{id}/rotate",
  "POST /api/auth/cli-callback",
  "POST /api/auth/is-authorized",
  "POST /api/auth/login",
  "POST /api/auth/logout",
  "POST /api/auth/mfa/recovery/verify",
  "POST /api/auth/mfa/setup",
  "POST /api/auth/mfa/verify",
  "POST /api/auth/project/consent/approve",
  "POST /api/auth/project/consent/deny",
  "POST /api/auth/project/email/request",
  "POST /api/auth/refresh",
  "POST /api/auth/register",
  "POST /api/auth/request-password-reset",
  "POST /api/auth/resend-verification",
  "POST /api/auth/reset-password",
  "POST /api/auth/token",
  "POST /api/auth/verify-email",
  "POST /api/groups",
  "POST /api/me/accounts",
  "POST /api/me/authentication-methods",
  "POST /api/me/change-password",
  "POST /api/me/logout",
  "POST /api/me/notifications/read-all",
  "POST /api/me/notifications/{id}/read",
  "POST /api/me/picture",
  "POST /api/organization-invitations/accept",
  "POST /api/organization-invitations/invite",
  "POST /api/organization-invitations/{id}/renew",
  "POST /api/organization-invitations/{id}/resend-email",
  "POST /api/organizations",
  "POST /api/permissions",
  "POST /api/project-apps",
  "POST /api/projects",
  "POST /api/projects/{id}/sync/jobs",
  "POST /api/projects/{id}/sync/jobs/export",
  "POST /api/resources",
  "POST /api/roles",
  "POST /api/signing-keys/rotate",
  "POST /api/tags",
  "POST /api/users",
  "POST /api/webhook-subscriptions",
  "POST /api/webhook-subscriptions/deliveries/{deliveryId}/replay",
  "POST /api/webhook-subscriptions/{id}/rotate-secret",
  "PUT /api/me/notification-preferences",
]
`;
